// Jest Snapshot v1, https://goo.gl/fbAQLP

exports[`FilterableStudentList renders without crashing and matches the last snapshot 1`] = `
<StudentListFilterForm
  filter=""
  onAddStudentClick={[Function]}
  onFilterStudents={[Function]}
>
  <form
    className="form-inline"
  >
    <label>
      Search Last Name: 
    </label>
    <input
      className="studentListNameFilter"
      onChange={[Function]}
      type="text"
      value=""
    />
    <button
      className="btn btn-default pull-right"
      onClick={[Function]}
      type="button"
    >
      Add Student
    </button>
  </form>
</StudentListFilterForm>
`;
