// Jest Snapshot v1, https://goo.gl/fbAQLP

exports[`StudentListItem renders wiuuthout crashing and matches the last snapshot 1`] = `
<tr>
  <td>
    Billy Bob
  </td>
  <td>
    1234
  </td>
  <td>
    <ButtonGroup
      block={false}
      bsClass="btn-group"
      justified={false}
      vertical={false}
    >
      <Button
        active={false}
        block={false}
        bsClass="btn"
        bsStyle="default"
        disabled={false}
        id="edit"
        onClick={[Function]}
      >
        <Glyphicon
          bsClass="glyphicon"
          glyph="pencil"
        />
      </Button>
      <Button
        active={false}
        block={false}
        bsClass="btn"
        bsStyle="default"
        disabled={false}
        id="delete"
        onClick={[Function]}
      >
        <Glyphicon
          bsClass="glyphicon"
          glyph="trash"
        />
      </Button>
    </ButtonGroup>
    <EditStudentModal
      initialStudent={
        Object {
          "id": "1234",
          "name": "Billy Bob",
          "photo": Object {
            "bucketName": "resterapp-dev",
            "key": "e93ecbf0-ba96-4290-a906-5ea67e4c4a9f",
          },
          "skey": "8a80810d5dd89a3f015dd89ac8280000",
        }
      }
      onHide={[Function]}
      onSubmit={[Function]}
      show={false}
      submitButtonText="Save"
      title="Edit Billy Bob"
    />
  </td>
</tr>
`;
