// Jest Snapshot v1, https://goo.gl/fbAQLP

exports[`EditStudentformBase renders without crashing and matches the last snapshot 1`] = `
<EditStudentFormBase
  onFormFileChange={[Function]}
  onFormTextChange={[Function]}
  onStudentTextValidate={[Function]}
  student={
    StudentData {
      "id": "",
      "lastName": "",
    }
  }
>
  <form>
    <FormGroup
      bsClass="form-group"
    >
      <div
        className="form-group has-feedback"
      >
        <ControlLabel
          bsClass="control-label"
          srOnly={false}
        >
          <label
            className="control-label"
          >
            Name:
          </label>
        </ControlLabel>
        <FormControl
          bsClass="form-control"
          componentClass="input"
          id="lastName"
          onChange={[Function]}
          placeholder="Enter Name"
          type="text"
          value=""
        >
          <input
            className="form-control"
            id="lastName"
            onChange={[Function]}
            placeholder="Enter Name"
            type="text"
            value=""
          />
        </FormControl>
        <FormControlFeedback
          bsClass="form-control-feedback"
          bsRole="feedback"
        />
      </div>
    </FormGroup>
    <FormGroup
      bsClass="form-group"
    >
      <div
        className="form-group has-feedback"
      >
        <ControlLabel
          bsClass="control-label"
          srOnly={false}
        >
          <label
            className="control-label"
          >
            ID:
          </label>
        </ControlLabel>
        <FormControl
          bsClass="form-control"
          componentClass="input"
          id="id"
          onChange={[Function]}
          placeholder="Enter Id"
          type="text"
          value=""
        >
          <input
            className="form-control"
            id="id"
            onChange={[Function]}
            placeholder="Enter Id"
            type="text"
            value=""
          />
        </FormControl>
        <FormControlFeedback
          bsClass="form-control-feedback"
          bsRole="feedback"
        />
      </div>
    </FormGroup>
    <FormGroup
      bsClass="form-group"
    >
      <div
        className="form-group"
      >
        <ControlLabel
          bsClass="control-label"
          srOnly={false}
        >
          <label
            className="control-label"
          >
            Photo:
          </label>
        </ControlLabel>
        <input
          className="preview-photo"
          onChange={[Function]}
          type="file"
        />
        <Thumbnail
          alt="171x180"
          bsClass="thumbnail"
          href="#"
          src="https://static.pexels.com/photos/104827/cat-pet-animal-domestic-104827.jpeg"
        >
          <SafeAnchor
            className="thumbnail"
            componentClass="a"
            href="#"
          >
            <a
              className="thumbnail"
              href="#"
              onClick={[Function]}
              onKeyDown={[Function]}
              role="button"
            >
              <img
                alt="171x180"
                src="https://static.pexels.com/photos/104827/cat-pet-animal-domestic-104827.jpeg"
              />
            </a>
          </SafeAnchor>
        </Thumbnail>
      </div>
    </FormGroup>
  </form>
</EditStudentFormBase>
`;
